app/analytics/page.tsx(27,18): error TS2869: Right operand of ?? is unreachable because the left operand is never nullish.
app/analytics/page.tsx(27,83): error TS2339: Property 'isConnected' does not exist on type '{ totalRatings: number; totalShares: number; leaderRatings: Record<string, LeaderRating>; shareAnalytics: ShareAnalytics[]; activeUsers: number; ... 5 more ...; error: Error | null; }'.
app/api/analytics/real-time/route.ts(82,9): error TS2322: Type 'string | null' is not assignable to type 'string | undefined'.
  Type 'null' is not assignable to type 'string | undefined'.
app/api/analytics/real-time/route.ts(195,86): error TS2345: Argument of type 'string | null' is not assignable to parameter of type 'string | undefined'.
  Type 'null' is not assignable to type 'string | undefined'.
app/api/analytics/real-time/route.ts(207,64): error TS2345: Argument of type 'string | null' is not assignable to parameter of type 'string | undefined'.
  Type 'null' is not assignable to type 'string | undefined'.
app/api/analytics/stream/route.ts(17,57): error TS2554: Expected 1 arguments, but got 2.
app/api/analytics/stream/route.ts(18,19): error TS7006: Parameter 'data' implicitly has an 'any' type.
app/api/analytics/stream/route.ts(23,55): error TS2554: Expected 1 arguments, but got 2.
app/api/analytics/stream/route.ts(24,19): error TS7006: Parameter 'data' implicitly has an 'any' type.
app/api/analytics/stream/route.ts(29,57): error TS2554: Expected 1 arguments, but got 2.
app/api/analytics/stream/route.ts(30,19): error TS7006: Parameter 'data' implicitly has an 'any' type.
app/components/admin-auth.tsx(38,42): error TS2769: No overload matches this call.
  Overload 1 of 2, '(type: "keydown", listener: (this: Document, ev: KeyboardEvent) => any, options?: boolean | AddEventListenerOptions | undefined): void', gave the following error.
    Argument of type '(e: KeyboardEvent) => void' is not assignable to parameter of type '(this: Document, ev: KeyboardEvent) => any'.
      Types of parameters 'e' and 'ev' are incompatible.
        Type 'KeyboardEvent' is missing the following properties from type 'KeyboardEvent<Element>': locale, nativeEvent, isDefaultPrevented, isPropagationStopped, persist
  Overload 2 of 2, '(type: string, listener: EventListenerOrEventListenerObject, options?: boolean | AddEventListenerOptions | undefined): void', gave the following error.
    Argument of type '(e: KeyboardEvent) => void' is not assignable to parameter of type 'EventListenerOrEventListenerObject'.
      Type '(e: KeyboardEvent) => void' is not assignable to type 'EventListener'.
        Types of parameters 'e' and 'evt' are incompatible.
          Type 'Event' is missing the following properties from type 'KeyboardEvent<Element>': altKey, charCode, ctrlKey, code, and 15 more.
app/components/admin-auth.tsx(39,58): error TS2769: No overload matches this call.
  Overload 1 of 2, '(type: "keydown", listener: (this: Document, ev: KeyboardEvent) => any, options?: boolean | EventListenerOptions | undefined): void', gave the following error.
    Argument of type '(e: KeyboardEvent) => void' is not assignable to parameter of type '(this: Document, ev: KeyboardEvent) => any'.
      Types of parameters 'e' and 'ev' are incompatible.
        Type 'KeyboardEvent' is missing the following properties from type 'KeyboardEvent<Element>': locale, nativeEvent, isDefaultPrevented, isPropagationStopped, persist
  Overload 2 of 2, '(type: string, listener: EventListenerOrEventListenerObject, options?: boolean | EventListenerOptions | undefined): void', gave the following error.
    Argument of type '(e: KeyboardEvent) => void' is not assignable to parameter of type 'EventListenerOrEventListenerObject'.
      Type '(e: KeyboardEvent) => void' is not assignable to type 'EventListener'.
        Types of parameters 'e' and 'evt' are incompatible.
          Type 'Event' is missing the following properties from type 'KeyboardEvent<Element>': altKey, charCode, ctrlKey, code, and 15 more.
app/components/official-rating.tsx(491,83): error TS2339: Property 'biography' does not exist on type '{}'.
app/components/official-rating.tsx(494,28): error TS2339: Property 'keyAchievements' does not exist on type '{}'.
app/components/official-rating.tsx(494,57): error TS2339: Property 'keyAchievements' does not exist on type '{}'.
app/components/official-rating.tsx(498,34): error TS2339: Property 'keyAchievements' does not exist on type '{}'.
app/components/official-rating.tsx(498,67): error TS7006: Parameter 'achievement' implicitly has an 'any' type.
app/components/official-rating.tsx(498,80): error TS7006: Parameter 'index' implicitly has an 'any' type.
app/components/official-rating.tsx(508,28): error TS2339: Property 'currentFocus' does not exist on type '{}'.
app/components/official-rating.tsx(508,54): error TS2339: Property 'currentFocus' does not exist on type '{}'.
app/components/official-rating.tsx(512,34): error TS2339: Property 'currentFocus' does not exist on type '{}'.
app/components/official-rating.tsx(512,64): error TS7006: Parameter 'focus' implicitly has an 'any' type.
app/components/official-rating.tsx(512,71): error TS7006: Parameter 'index' implicitly has an 'any' type.
app/components/official-rating.tsx(525,68): error TS2339: Property 'yearsInOffice' does not exist on type '{}'.
app/components/official-rating.tsx(528,61): error TS2339: Property 'category' does not exist on type '{}'.
app/components/real-time-activity-feed.tsx(67,75): error TS7006: Parameter 'l' implicitly has an 'any' type.
app/components/results-card.tsx(54,23): error TS2339: Property 'isConnected' does not exist on type '{ trackShare: (platform: SharePlatform) => Promise<void>; error: Error | null; }'.
app/components/results-card.tsx(118,22): error TS2339: Property 'style' does not exist on type 'Element'.
app/components/results-card.tsx(118,39): error TS2339: Property 'style' does not exist on type 'Element'.
app/components/results-card.tsx(118,67): error TS2339: Property 'style' does not exist on type 'Element'.
app/components/universal-analytics-header.tsx(10,51): error TS2339: Property 'isConnected' does not exist on type '{ totalRatings: number; totalShares: number; leaderRatings: Record<string, LeaderRating>; shareAnalytics: ShareAnalytics[]; activeUsers: number; ... 5 more ...; error: Error | null; }'.
app/components/universal-analytics-provider.tsx(82,37): error TS2339: Property 'refresh' does not exist on type 'UniversalAnalyticsStore'.
app/components/universal-analytics-provider.tsx(96,42): error TS2339: Property 'isConnected' does not exist on type 'UniversalAnalyticsStore'.
app/page.tsx(250,18): error TS2869: Right operand of ?? is unreachable because the left operand is never nullish.
app/page.tsx(250,83): error TS2339: Property 'isConnected' does not exist on type '{ totalRatings: number; totalShares: number; leaderRatings: Record<string, LeaderRating>; shareAnalytics: ShareAnalytics[]; activeUsers: number; ... 5 more ...; error: Error | null; }'.
app/services/redis-analytics.ts(195,7): error TS7053: Element implicitly has an 'any' type because expression of type 'number' can't be used to index type '{}'.
  No index signature with a parameter of type 'number' was found on type '{}'.
app/services/redis-analytics.ts(195,31): error TS7053: Element implicitly has an 'any' type because expression of type 'number' can't be used to index type '{}'.
  No index signature with a parameter of type 'number' was found on type '{}'.
app/services/redis-analytics.ts(213,65): error TS2554: Expected 2 arguments, but got 3.
app/services/redis-analytics.ts(235,54): error TS2554: Expected 2 arguments, but got 3.
app/services/redis-analytics.ts(239,65): error TS2554: Expected 2 arguments, but got 3.
app/services/redis-analytics.ts(292,13): error TS2322: Type '{}' is not assignable to type 'string'.
app/services/redis-analytics.ts(314,13): error TS2322: Type '{}' is not assignable to type 'string'.
app/services/redis-analytics.ts(350,7): error TS2322: Type '{ totalRatings: number; totalShares: number; leaderRatings: Record<string, LeaderRating>; shareAnalytics: ShareAnalytics[]; lastUpdated: {}; activeUsers: number; }' is not assignable to type 'RealTimeAnalytics'.
  Types of property 'lastUpdated' are incompatible.
    Type '{}' is not assignable to type 'string'.
